main.c:145:6:MySysTick	16	static
main.c:157:9:USART_RX_IsNotEmpty	4	static
main.c:166:9:USART_GC	16	static
main.c:180:10:USART_GD	1088	static
main.c:281:6:USART_send	1080	static,ignoring_inline_asm
main.c:310:6:HAL_UART_TxCpltCallback	24	static
main.c:321:6:HAL_UART_RxCpltCallback	16	static
main.c:330:6:HAL_ADC_ConvCpltCallback	16	static
main.c:336:6:HAL_ADC_ConvHalfCpltCallback	16	static
main.c:342:6:HAL_DAC_ConvCpltCallbackCh1	16	static
main.c:348:6:HAL_DAC_ConvHalfCpltCallbackCh1	16	static
main.c:356:6:generacja_sinusa	48	static
main.c:372:6:clean_frame	24	static
main.c:381:6:clean_after_all	16	static
main.c:388:5:tmp_to_hz	24	static
main.c:405:5:main	48	static
main.c:524:6:SystemClock_Config	88	static
main.c:569:13:MX_ADC1_Init	24	static
main.c:619:13:MX_DAC_Init	16	static
main.c:657:13:MX_TIM6_Init	16	static
main.c:695:13:MX_USART2_UART_Init	8	static
main.c:726:13:MX_DMA_Init	16	static
main.c:748:13:MX_GPIO_Init	24	static
main.c:767:6:Error_Handler	4	static
