main.c:123:6:MySysTick	16	static
main.c:135:9:USART_RX_IsEmpty	4	static
main.c:144:9:USART_GC	16	static
main.c:158:10:USART_GD	1096	static
main.c:251:6:USART_send	1080	static,ignoring_inline_asm
main.c:280:6:HAL_UART_TxCpltCallback	24	static
main.c:291:6:HAL_UART_RxCpltCallback	16	static
main.c:300:6:HAL_ADC_ConvCpltCallback	32	static
main.c:309:6:HAL_ADC_ConvHalfCpltCallback	32	static
main.c:319:6:generacja_sinusa	48	static
main.c:335:6:clean_frame	24	static
main.c:344:6:clean_after_all	16	static
main.c:351:5:tmp_to_hz	32	static
main.c:370:5:main	1072	static
main.c:448:6:SystemClock_Config	88	static
main.c:488:13:MX_ADC1_Init	24	static
main.c:538:13:MX_USART2_UART_Init	8	static
main.c:569:13:MX_DMA_Init	16	static
main.c:587:13:MX_GPIO_Init	24	static
main.c:605:6:Error_Handler	4	static
