main.c:111:6:MySysTick	16	static
main.c:123:9:USART_RX_IsEmpty	4	static
main.c:132:9:USART_GC	16	static
main.c:146:9:USART_GD	32	static
main.c:172:6:USART_send	536	static,ignoring_inline_asm
main.c:200:6:HAL_UART_TxCpltCallback	24	static
main.c:211:6:HAL_UART_RxCpltCallback	16	static
main.c:220:6:HAL_ADC_ConvCpltCallback	16	static
main.c:224:6:HAL_ADC_ConvHalfCpltCallback	16	static
main.c:229:6:generacja_sinusa	48	static
main.c:245:6:clean_frame	24	static
main.c:254:6:clean_after_all	16	static
main.c:276:5:main	528	static
main.c:403:6:SystemClock_Config	88	static
main.c:448:13:MX_ADC1_Init	24	static
main.c:498:13:MX_USART2_UART_Init	8	static
main.c:529:13:MX_DMA_Init	16	static
main.c:547:13:MX_GPIO_Init	48	static
main.c:583:6:Error_Handler	4	static
