main.c:124:6:MySysTick	16	static
main.c:136:9:USART_RX_IsEmpty	4	static
main.c:145:9:USART_GC	16	static
main.c:159:10:USART_GD	1096	static
main.c:252:6:USART_send	1080	static,ignoring_inline_asm
main.c:281:6:HAL_UART_TxCpltCallback	24	static
main.c:292:6:HAL_UART_RxCpltCallback	16	static
main.c:301:6:HAL_ADC_ConvCpltCallback	32	static
main.c:310:6:HAL_ADC_ConvHalfCpltCallback	32	static
main.c:320:6:generacja_sinusa	48	static
main.c:336:6:clean_frame	24	static
main.c:345:6:clean_after_all	16	static
main.c:352:5:tmp_to_hz	32	static
main.c:373:5:main	1072	static
main.c:448:6:SystemClock_Config	88	static
main.c:493:13:MX_ADC1_Init	24	static
main.c:543:13:MX_USART2_UART_Init	8	static
main.c:574:13:MX_DMA_Init	16	static
main.c:592:13:MX_GPIO_Init	48	static
main.c:618:6:Error_Handler	4	static
